// Jest Snapshot v1, https://goo.gl/fbAQLP

exports[`FhiSelect snapshot test 1`] = `
<div
  className=""
>
  <label
    className="form-label"
    htmlFor="selectId"
  >
    Select
  </label>
  <select
    className="form-select"
    id="selectId"
    onChange={[Function]}
    value={5}
  >
    <option
      value={1}
    >
      1
    </option>
    <option
      value={2}
    >
      2
    </option>
    <option
      value={3}
    >
      3
    </option>
    <option
      value={4}
    >
      4
    </option>
    <option
      value={5}
    >
      5
    </option>
  </select>
</div>
`;
