// Jest Snapshot v1, https://goo.gl/fbAQLP

exports[`FhiSelect snapshot test 1`] = `
<div>
  <div
    class=""
  >
    <label
      class="form-label"
      for="selectId"
    >
      Select
    </label>
    <select
      class="form-select"
      id="selectId"
    >
      <option
        value="1"
      >
        1
      </option>
      <option
        value="2"
      >
        2
      </option>
      <option
        value="3"
      >
        3
      </option>
      <option
        value="4"
      >
        4
      </option>
      <option
        value="5"
      >
        5
      </option>
    </select>
  </div>
</div>
`;
