// Jest Snapshot v1, https://goo.gl/fbAQLP

exports[`FhiAccordion snapshot test 1`] = `
<div>
  <div
    class="test  accordion"
  >
    <div
      class="accordion-item"
    >
      <h2
        class="accordion-header"
      >
        <button
          aria-expanded="false"
          class="accordion-button collapsed"
          type="button"
        >
          <h4>
            Dette er en ustylet overskrift
          </h4>
        </button>
      </h2>
      <div
        class="accordion-collapse collapse"
      >
        <div
          class="accordion-body"
        >
          <div>
            <span>
              Dette er ustylet innhold
            </span>
          </div>
        </div>
      </div>
    </div>
    <div
      class="accordion-item"
    >
      <h2
        class="accordion-header"
      >
        <button
          aria-expanded="false"
          class="accordion-button collapsed"
          type="button"
        >
          <h4>
            Dette er en ustylet overskrift
          </h4>
        </button>
      </h2>
      <div
        class="accordion-collapse collapse"
      >
        <div
          class="accordion-body"
        >
          <div>
            <span>
              Dette er ustylet innhold
            </span>
          </div>
        </div>
      </div>
    </div>
  </div>
</div>
`;
