// Jest Snapshot v1, https://goo.gl/fbAQLP

exports[`FhiAccordion snapshot test 1`] = `
<div
  className="test"
>
  <div
    className="test  accordion"
  >
    <div
      className="accordion-item"
    >
      <h2
        className="accordion-header"
      >
        <button
          aria-expanded={false}
          className="accordion-button collapsed"
          onClick={[Function]}
          type="button"
        >
          <h4>
            Dette er en ustylet overskrift
          </h4>
        </button>
      </h2>
      <div
        aria-expanded={null}
        className="accordion-collapse collapse"
      >
        <div
          className="accordion-body"
        >
          <div>
            <span>
              Dette er ustylet innhold
            </span>
          </div>
        </div>
      </div>
    </div>
    <div
      className="accordion-item"
    >
      <h2
        className="accordion-header"
      >
        <button
          aria-expanded={false}
          className="accordion-button collapsed"
          onClick={[Function]}
          type="button"
        >
          <h4>
            Dette er en ustylet overskrift
          </h4>
        </button>
      </h2>
      <div
        aria-expanded={null}
        className="accordion-collapse collapse"
      >
        <div
          className="accordion-body"
        >
          <div>
            <span>
              Dette er ustylet innhold
            </span>
          </div>
        </div>
      </div>
    </div>
  </div>
</div>
`;
