// Jest Snapshot v1, https://goo.gl/fbAQLP

exports[`FhiToast snapshot test 1`] = `
<div
  aria-atomic="true"
  aria-live="assertive"
  className="fade toast FhiToast__MarginToast-sc-10dpyte-0 kIffcu show"
  role="alert"
>
  <div
    className="toast-header"
  >
    <strong
      className="me-auto"
    />
    <button
      aria-label="Close"
      className="btn-close"
      data-dismiss="toast"
      onClick={[Function]}
      type="button"
    />
  </div>
  <div
    className="toast-body"
  >
    This is a toast!
  </div>
</div>
`;
