// Jest Snapshot v1, https://goo.gl/fbAQLP

exports[`FhiToast snapshot test 1`] = `
<div>
  <div
    aria-atomic="true"
    aria-live="assertive"
    class="fade toast FhiToast__MarginToast-sc-10dpyte-0 iTXgjL show"
    role="alert"
  >
    <div
      class="toast-header"
    >
      <strong
        class="me-auto"
      />
      <button
        aria-label="Close"
        class="btn-close"
        data-dismiss="toast"
        type="button"
      />
    </div>
    <div
      class="toast-body"
    >
      This is a toast!
    </div>
  </div>
</div>
`;
