// Jest Snapshot v1, https://goo.gl/fbAQLP

exports[`FhiTabs snapshot test 1`] = `
<div
  className="nav nav-tabs"
  onKeyDown={[Function]}
>
  <div
    className="nav-item"
  >
    <a
      className="nav-link"
      data-rr-ui-event-key={null}
      disabled={false}
      href="/1"
      onClick={[Function]}
    >
      Fane nummer 1
    </a>
  </div>
  <div
    className="nav-item"
  >
    <a
      className="nav-link"
      data-rr-ui-event-key={null}
      disabled={false}
      href="/2"
      onClick={[Function]}
    >
      Fane nummer 2
    </a>
  </div>
</div>
`;
