// Jest Snapshot v1, https://goo.gl/fbAQLP

exports[`FhiTabs snapshot test 1`] = `
<div>
  <div
    class="mb-7 nav nav-tabs"
  >
    <div
      class="nav-item"
    >
      <a
        class="nav-link"
        href="/1"
      >
        Fane nummer 1
      </a>
    </div>
    <div
      class="nav-item"
    >
      <a
        class="nav-link"
        href="/2"
      >
        Fane nummer 2
      </a>
    </div>
  </div>
</div>
`;
