// Jest Snapshot v1, https://goo.gl/fbAQLP

exports[`FhiDetails snapshot test 1`] = `
<div>
  <div
    class="FhiDetails__DetailsContainer-sc-1qzqcal-0 cronbZ test"
  >
    <span
      class="FhiDetails__DetailsTitle-sc-1qzqcal-1 kMgnFw"
    >
      Dette er en tittel
    </span>
    <span>
      Dette er beskrivelse
    </span>
  </div>
</div>
`;
