// Jest Snapshot v1, https://goo.gl/fbAQLP

exports[`FhiDetails snapshot test 1`] = `
<div
  className="FhiDetails__DetailsContainer-sc-1qzqcal-0 hhjZpM test"
>
  <span
    className="FhiDetails__DetailsTitle-sc-1qzqcal-1 bhIGLJ"
  >
    Dette er en tittel
  </span>
  <span>
    Dette er beskrivelse
  </span>
</div>
`;
