// Jest Snapshot v1, https://goo.gl/fbAQLP

exports[`FhiTabBar snapshot test 1`] = `
<div
  className="FhiTabBar__NavContainer-sc-2nj45d-2 dhyNbv test"
>
  <div
    className="container"
  >
    <div
      className="row"
    >
      <div
        className="col-12"
      >
        <ul
          className="FhiTabBar__NavList-sc-2nj45d-1 gQnIJP nav nav-tabs"
          onKeyDown={[Function]}
        >
          <a
            className="FhiTabBar__TabBarLink-sc-2nj45d-0 cVQuXe nav-link"
            data-rr-ui-event-key={null}
            disabled={false}
            href="/1"
            onClick={[Function]}
          >
            <div>
              <span>
                Side 1
              </span>
            </div>
          </a>
          <a
            className="FhiTabBar__TabBarLink-sc-2nj45d-0 cVQuXe nav-link"
            data-rr-ui-event-key={null}
            disabled={false}
            href="/2"
            onClick={[Function]}
          >
            <div>
              <span>
                Side 2
              </span>
            </div>
          </a>
          <a
            className="FhiTabBar__TabBarLink-sc-2nj45d-0 cVQuXe nav-link"
            data-rr-ui-event-key={null}
            disabled={false}
            href="/3"
            onClick={[Function]}
          >
            <div>
              <span>
                Side 3
              </span>
            </div>
          </a>
        </ul>
      </div>
    </div>
  </div>
</div>
`;
