// Jest Snapshot v1, https://goo.gl/fbAQLP

exports[`FhiHeader snapshot test 1`] = `
<div>
  <header
    class="fhi-header test"
  >
    <div
      class="fhi-header__brand"
    >
      <div
        class="container fhi-header__brand-container"
      >
        <div
          class="fhi-header__brand-content"
        >
          <a
            class="fhi-header__logo"
            href="/"
          >
            <i
              class="icon-fhi-logo fhi-header__logo-icon"
            />
            <span
              class="visually-hidden"
            >
              Testproject
            </span>
          </a>
          <div
            class="fhi-header__project"
          >
            <span
              class="fhi-header__project-name"
            >
              Testproject
            </span>
          </div>
        </div>
      </div>
    </div>
    <div
      class="container fhi-header__main-menu-container"
    >
      <nav
        class="fhi-main-menu "
      >
        <div
          class="container fhi-main-menu__container"
        >
          <a
            class="fhi-main-menu__home-link"
            href="/"
          >
            <i
              class="icon-fhi-logo fhi-header__logo-icon fhi-main-menu__logo-icon"
            />
            <span
              class="visually-hidden"
            >
              FHI Produktnavn
            </span>
          </a>
          <button
            aria-controls="fhi-main-menu"
            aria-expanded="false"
            class="fhi-main-menu__toggler"
            type="button"
          >
            <i
              class="icon-xmark fhi-main-menu__toggler-close-icon"
            />
            <i
              class="icon-list fhi-main-menu__toggler-menu-icon"
            />
            <span
              class="fhi-main-menu__toggler-text"
            >
              Meny
            </span>
          </button>
          <div
            class="collapse fhi-main-menu__collapse "
          >
            <ul
              class="nav nav-tabs fhi-nav-tabs fhi-main-menu__nav"
            >
              <li
                class="fhi-main-menu__nav-item"
              >
                <a
                  class="nav-link fhi-main-menu__nav-link"
                  href="/rl"
                >
                  Dette er en tittel
                </a>
              </li>
            </ul>
          </div>
        </div>
      </nav>
    </div>
  </header>
</div>
`;
